{
  "name": "show",
  "description": "Display a list of details from within a product bundle.",
  "examples": [],
  "flags": [
    {
      "kind": "Switch",
      "optionality": "optional",
      "long": "--help",
      "short": null,
      "description": "display usage information",
      "hidden": false
    },
    {
      "kind": "Switch",
      "optionality": "optional",
      "long": "--devices",
      "short": null,
      "description": "list the virtual devices linked to this product bundle.",
      "hidden": false
    },
    {
      "kind": {
        "Option": {
          "arg_name": "device"
        }
      },
      "optionality": "optional",
      "long": "--device",
      "short": null,
      "description": "print the details of a virtual device linked to this product bundle.",
      "hidden": false
    }
  ],
  "notes": [],
  "commands": [],
  "positionals": [
    {
      "name": "product_bundle_path",
      "description": "the path to the product bundle to inspect.",
      "optionality": "required",
      "hidden": false
    }
  ],
  "error_codes": []
}