{
  "name": "update",
  "description": "updates the current NUD configuration options for the provided interface",
  "examples": [],
  "flags": [
    {
      "kind": "Switch",
      "optionality": "optional",
      "long": "--help",
      "short": null,
      "description": "display usage information",
      "hidden": false
    },
    {
      "kind": {
        "Option": {
          "arg_name": "base-reachable-time"
        }
      },
      "optionality": "optional",
      "long": "--base-reachable-time",
      "short": null,
      "description": "a base duration, in nanoseconds, for computing the random reachable time",
      "hidden": false
    },
    {
      "kind": {
        "Option": {
          "arg_name": "learn-base-reachable-time"
        }
      },
      "optionality": "optional",
      "long": "--learn-base-reachable-time",
      "short": null,
      "description": "learn `base_reachable_time` during runtime from the neighbor discovery protocol, if supported",
      "hidden": false
    },
    {
      "kind": {
        "Option": {
          "arg_name": "min-random-factor"
        }
      },
      "optionality": "optional",
      "long": "--min-random-factor",
      "short": null,
      "description": "the minimum value of the random factor used for computing reachable time",
      "hidden": false
    },
    {
      "kind": {
        "Option": {
          "arg_name": "max-random-factor"
        }
      },
      "optionality": "optional",
      "long": "--max-random-factor",
      "short": null,
      "description": "the maximum value of the random factor used for computing reachable time",
      "hidden": false
    },
    {
      "kind": {
        "Option": {
          "arg_name": "retransmit-timer"
        }
      },
      "optionality": "optional",
      "long": "--retransmit-timer",
      "short": null,
      "description": "duration, in nanoseconds, between retransmissions of reachability probes in the PROBE state",
      "hidden": false
    },
    {
      "kind": {
        "Option": {
          "arg_name": "learn-retransmit-timer"
        }
      },
      "optionality": "optional",
      "long": "--learn-retransmit-timer",
      "short": null,
      "description": "learn `retransmit_timer` during runtime from the neighbor discovery protocol, if supported",
      "hidden": false
    },
    {
      "kind": {
        "Option": {
          "arg_name": "delay-first-probe-time"
        }
      },
      "optionality": "optional",
      "long": "--delay-first-probe-time",
      "short": null,
      "description": "duration, in nanoseconds, to wait for a non-Neighbor-Discovery related protocol to reconfirm reachability after entering the DELAY state",
      "hidden": false
    },
    {
      "kind": {
        "Option": {
          "arg_name": "max-multicast-probes"
        }
      },
      "optionality": "optional",
      "long": "--max-multicast-probes",
      "short": null,
      "description": "the number of reachability probes to send before concluding negative reachability and deleting the entry from the INCOMPLETE state",
      "hidden": false
    },
    {
      "kind": {
        "Option": {
          "arg_name": "max-unicast-probes"
        }
      },
      "optionality": "optional",
      "long": "--max-unicast-probes",
      "short": null,
      "description": "the number of reachability probes to send before concluding retransmissions from within the PROBE state should cease and the entry SHOULD be deleted",
      "hidden": false
    },
    {
      "kind": {
        "Option": {
          "arg_name": "max-anycast-delay-time"
        }
      },
      "optionality": "optional",
      "long": "--max-anycast-delay-time",
      "short": null,
      "description": "if the target address is an anycast address, the stack SHOULD delay sending a response for a random time between 0 and this duration, in nanoseconds",
      "hidden": false
    },
    {
      "kind": {
        "Option": {
          "arg_name": "max-reachability-confirmations"
        }
      },
      "optionality": "optional",
      "long": "--max-reachability-confirmations",
      "short": null,
      "description": "a node MAY send up to this amount of unsolicited reachability confirmations messages to all-nodes multicast address when a node determines its link-layer address has changed",
      "hidden": false
    }
  ],
  "notes": [],
  "commands": [],
  "positionals": [
    {
      "name": "nicid or name:ifname",
      "description": "",
      "optionality": "required",
      "hidden": false
    },
    {
      "name": "ip_version",
      "description": "",
      "optionality": "required",
      "hidden": false
    }
  ],
  "error_codes": []
}