{
  "name": "inspect",
  "description": "Query component nodes exposed via the Inspect API.",
  "examples": [
    "If you wish to see the JSON format of Inspect, you must pass `--machine json` to the `ffx` command. \nFor example to see the Inspect JSON of all components running in the system, run: \n\n```\nffx --machine json inspect show\n```"
  ],
  "flags": [
    {
      "kind": "Switch",
      "optionality": "optional",
      "long": "--help",
      "short": null,
      "description": "display usage information",
      "hidden": false
    }
  ],
  "notes": [],
  "commands": [],
  "positionals": [],
  "error_codes": []
}