{
  "name": "broadcast-address",
  "description": "Broadcast address of the client's subnet.",
  "examples": [],
  "flags": [
    {
      "kind": "Switch",
      "optionality": "optional",
      "long": "--help",
      "short": null,
      "description": "display usage information",
      "hidden": false
    },
    {
      "kind": {
        "Option": {
          "arg_name": "addr"
        }
      },
      "optionality": "optional",
      "long": "--addr",
      "short": null,
      "description": "the broadcast address of the client's subnet. Legal values are defined in RFC 1122.",
      "hidden": false
    }
  ],
  "notes": [],
  "commands": [],
  "positionals": [],
  "error_codes": []
}