{
  "name": "net-bios-over-tcpip-scope",
  "description": "NetBIOS scope parameter for the client.",
  "examples": [],
  "flags": [
    {
      "kind": "Switch",
      "optionality": "optional",
      "long": "--help",
      "short": null,
      "description": "display usage information",
      "hidden": false
    },
    {
      "kind": {
        "Option": {
          "arg_name": "scope"
        }
      },
      "optionality": "optional",
      "long": "--scope",
      "short": null,
      "description": "the NetBIOS over TCP/IP scope parameter, as defined in RFC 1001, for the client.",
      "hidden": false
    }
  ],
  "notes": [],
  "commands": [],
  "positionals": [],
  "error_codes": []
}