{
  "name": "network-information-service-plus-servers",
  "description": "Network Information System+ servers available to the client.",
  "examples": [],
  "flags": [
    {
      "kind": "Switch",
      "optionality": "optional",
      "long": "--help",
      "short": null,
      "description": "display usage information",
      "hidden": false
    },
    {
      "kind": {
        "Option": {
          "arg_name": "servers"
        }
      },
      "optionality": "repeating",
      "long": "--servers",
      "short": null,
      "description": "a list of Network Information System+ server addresses available to the client, listed in order of preference.",
      "hidden": false
    }
  ],
  "notes": [],
  "commands": [],
  "positionals": [],
  "error_codes": []
}