{
  "name": "pre-signing",
  "description": "Runs assorted checks to ensure a build is okay to sign",
  "examples": [
    "To run the pre signing checks against a build:\n\n    $ ffx scrutiny verify pre-signing \\\n        --product-bundle $(fx get-build-dir)/obj/build/images/fuchsia/product_bundle \\\n        --policy path/to/policy_file"
  ],
  "flags": [
    {
      "kind": "Switch",
      "optionality": "optional",
      "long": "--help",
      "short": null,
      "description": "display usage information",
      "hidden": false
    },
    {
      "kind": {
        "Option": {
          "arg_name": "policy"
        }
      },
      "optionality": "required",
      "long": "--policy",
      "short": null,
      "description": "path to a signing validation policy file",
      "hidden": false
    },
    {
      "kind": {
        "Option": {
          "arg_name": "product-bundle"
        }
      },
      "optionality": "required",
      "long": "--product-bundle",
      "short": null,
      "description": "path to the product bundle for the build to validate",
      "hidden": false
    }
  ],
  "notes": [],
  "commands": [],
  "positionals": [],
  "error_codes": []
}