{
  "name": "route-sources",
  "description": "Verifies that routes to designated components are routed from designated sources.",
  "examples": [
    "To verify route sources according to a configuration file on your current build:\n\n    $ ffx scrutiny verify route-sources\n        --product-bundle $(fx get-build-dir)/obj/build/images/fuchsia/product_bundle \\\n        --config path/to/verify_route_sources/product.board.json5"
  ],
  "flags": [
    {
      "kind": "Switch",
      "optionality": "optional",
      "long": "--help",
      "short": null,
      "description": "display usage information",
      "hidden": false
    },
    {
      "kind": {
        "Option": {
          "arg_name": "product-bundle"
        }
      },
      "optionality": "required",
      "long": "--product-bundle",
      "short": null,
      "description": "absolute or working directory-relative path to a product bundle.",
      "hidden": false
    },
    {
      "kind": {
        "Option": {
          "arg_name": "config"
        }
      },
      "optionality": "required",
      "long": "--config",
      "short": null,
      "description": "absolute or working directory-relative path to configuration file that specifies components and their expected route sources.",
      "hidden": false
    }
  ],
  "notes": [],
  "commands": [],
  "positionals": [],
  "error_codes": []
}