{
  "name": "get",
  "description": "display config values",
  "examples": [],
  "flags": [
    {
      "kind": "Switch",
      "optionality": "optional",
      "long": "--help",
      "short": null,
      "description": "display usage information",
      "hidden": false
    },
    {
      "kind": {
        "Option": {
          "arg_name": "process"
        }
      },
      "optionality": "optional",
      "long": "--process",
      "short": "p",
      "description": "how to process results. Possible values are \"r/raw\", \"s/sub/substitute\", or \"f/file\". Defaults to \"substitute\". Currently only supported if a name is given.",
      "hidden": false
    },
    {
      "kind": {
        "Option": {
          "arg_name": "select"
        }
      },
      "optionality": "optional",
      "long": "--select",
      "short": "s",
      "description": "how to collect results. Possible values are \"first\" and \"all\".  Defaults to \"first\".  If the value is \"first\", the first value found in terms of priority is returned. If the value is \"all\", all values across all configuration levels are aggregrated and returned. Currently only supported if a name is given.",
      "hidden": false
    },
    {
      "kind": {
        "Option": {
          "arg_name": "build-dir"
        }
      },
      "optionality": "optional",
      "long": "--build-dir",
      "short": "b",
      "description": "an optional build directory to associate the build config provided - used for \"build\" configs. If not provided, it may attempt to autodiscover your active build directory.",
      "hidden": false
    }
  ],
  "notes": [],
  "commands": [],
  "positionals": [
    {
      "name": "name",
      "description": "name of the config property",
      "optionality": "optional",
      "hidden": false
    }
  ],
  "error_codes": [
    {
      "code": 2,
      "description": "No value found"
    }
  ]
}