{
  "name": "usage",
  "description": "Controls the metrics-logger component to log gpu usage. Logged samples will be available in syslog, via iquery under core/metrics-logger and via tracing in the gpu category.",
  "examples": [
    "To poll gpu usage every 500 ms indefinitely:\n\n    $ ffx profile gpu usage start --interval 500ms\n\nTo poll gpu driver every 1 second for 30 seconds with output-to-syslog enabled:\n\n    $ ffx profile gpu usage start --interval 1s -d 30s --output-to-syslog"
  ],
  "flags": [
    {
      "kind": "Switch",
      "optionality": "optional",
      "long": "--help",
      "short": null,
      "description": "display usage information",
      "hidden": false
    }
  ],
  "notes": [
    "If the metrics-logger component is not available to the target, then this command will not work\nproperly. Add --with //src/testing/metrics-logger to fx set."
  ],
  "commands": [],
  "positionals": [],
  "error_codes": []
}