{
  "name": "clear",
  "description": "removes all entries associated with a network interface from the neighbor table",
  "examples": [],
  "flags": [
    {
      "kind": "Switch",
      "optionality": "optional",
      "long": "--help",
      "short": null,
      "description": "display usage information",
      "hidden": false
    }
  ],
  "notes": [],
  "commands": [],
  "positionals": [
    {
      "name": "nicid or name:ifname",
      "description": "",
      "optionality": "required",
      "hidden": false
    },
    {
      "name": "ip_version",
      "description": "",
      "optionality": "required",
      "hidden": false
    }
  ],
  "error_codes": []
}