{
  "name": "copy",
  "description": "copies files to/from directories associated with a component. \nPaths may be any combination of local or remote paths.",
  "examples": [
    "To copy from a component to a local path: \nffx component copy /some/moniker::/path/file.txt /local/file.txt \n\nTo copy from a local path to a component: \nffx component copy /local/file.txt /some/moniker::/dir/file.txt\n\nTo copy between two components: \nffx component copy /some/moniker::/dir/file.txt /some/moniker::/dir/file.txt\n\nTo copy multiple files: \nffx component copy /some/moniker::/dir/* /some/local/dir\nffx component copy /file/one.txt /file/two.txt ... /some/moniker::/dir/\n\nTo copy a file from a component's outgoing directory: \nffx component copy /some/moniker::out::/path/file.txt /local/file.txt\n\nTo copy a file from a component's package directory: \nffx component copy /some/moniker::pkg::/meta/foo /tmp\n\n"
  ],
  "flags": [
    {
      "kind": "Switch",
      "optionality": "optional",
      "long": "--help",
      "short": null,
      "description": "display usage information",
      "hidden": false
    },
    {
      "kind": "Switch",
      "optionality": "optional",
      "long": "--verbose",
      "short": "v",
      "description": "verbose output: outputs a line for each file copied.",
      "hidden": false
    }
  ],
  "notes": [
    "To learn more about the command see https://fuchsia.dev/fuchsia-src/development/sdk/ffx/copy-files-to-and-from-a-component"
  ],
  "commands": [],
  "positionals": [
    {
      "name": "paths",
      "description": "paths to copy where the last argument is the destination, formatted as one of: a local path (/some/dir/file.txt), or a remote component directory path (/some/moniker::dirtype::/some/file.txt) where dirtype is one of \"in\" (for the component's namespace), \"out\" (outgoing directory), or \"pkg\" (package directory). If dirtype is omitted, defaults to \"in\".",
      "optionality": "repeating",
      "hidden": false
    }
  ],
  "error_codes": []
}