{
  "name": "smtp-server",
  "description": "SMTP servers available to the client.",
  "examples": [],
  "flags": [
    {
      "kind": "Switch",
      "optionality": "optional",
      "long": "--help",
      "short": null,
      "description": "display usage information",
      "hidden": false
    },
    {
      "kind": {
        "Option": {
          "arg_name": "smtp-servers"
        }
      },
      "optionality": "repeating",
      "long": "--smtp-servers",
      "short": null,
      "description": "a list of Simple Mail Transport Protocol (SMTP) server address available to the client, listed in order of preference.",
      "hidden": false
    }
  ],
  "notes": [],
  "commands": [],
  "positionals": [],
  "error_codes": []
}