{
  "name": "run-tool",
  "description": "Runs a driver tool executable in the driver_playground.",
  "examples": [
    "To run a tool:\n\n    $ driver run-tool fuchsia-pkg://fuchsiasamples.com/eductl#bin/eductl -- fact 5"
  ],
  "flags": [
    {
      "kind": "Switch",
      "optionality": "optional",
      "long": "--help",
      "short": null,
      "description": "display usage information",
      "hidden": false
    }
  ],
  "notes": [],
  "commands": [],
  "positionals": [
    {
      "name": "tool",
      "description": "path of the driver tool binary.",
      "optionality": "required",
      "hidden": false
    },
    {
      "name": "args",
      "description": "the arguments to pass to the tool.",
      "optionality": "repeating",
      "hidden": false
    }
  ],
  "error_codes": [
    {
      "code": 1,
      "description": "Failed to connect to the driver playground service"
    }
  ]
}