{
  "name": "connect",
  "description": "start the debugger and connect to the target",
  "examples": [],
  "flags": [
    {
      "kind": "Switch",
      "optionality": "optional",
      "long": "--help",
      "short": null,
      "description": "display usage information",
      "hidden": false
    },
    {
      "kind": {
        "Option": {
          "arg_name": "debugger"
        }
      },
      "optionality": "optional",
      "long": "--debugger",
      "short": null,
      "description": "start zxdb in another debugger. Currently, the only valid option is \"lldb\".",
      "hidden": false
    },
    {
      "kind": "Switch",
      "optionality": "optional",
      "long": "--agent-only",
      "short": null,
      "description": "only start the debug agent but not the zxdb. The path to the UNIX socket will be printed and can be connected via \"connect -u\" in zxdb shell.",
      "hidden": false
    },
    {
      "kind": {
        "Option": {
          "arg_name": "attach"
        }
      },
      "optionality": "repeating",
      "long": "--attach",
      "short": "a",
      "description": "attaches to given processes. The argument will be parsed in the same way as the \"attach\" command in the console.",
      "hidden": false
    },
    {
      "kind": {
        "Option": {
          "arg_name": "execute"
        }
      },
      "optionality": "repeating",
      "long": "--execute",
      "short": "e",
      "description": "execute one zxdb command. Multiple commands will be executed sequentially.",
      "hidden": false
    }
  ],
  "notes": [],
  "commands": [],
  "positionals": [
    {
      "name": "zxdb_args",
      "description": "extra arguments passed to zxdb. Any arguments starting with \"-\" must be after a \"--\" separator.",
      "optionality": "repeating",
      "hidden": false
    }
  ],
  "error_codes": []
}