{
  "name": "get",
  "description": "Get the default configured repository",
  "examples": [],
  "flags": [
    {
      "kind": "Switch",
      "optionality": "optional",
      "long": "--help",
      "short": null,
      "description": "display usage information",
      "hidden": false
    }
  ],
  "notes": [
    "Returns the default configured repository from the 'User Configuration'.\nReturns an empty string if no default is configured."
  ],
  "commands": [],
  "positionals": [],
  "error_codes": []
}