{
  "name": "request-plugged",
  "description": "Modify the requested amount of the dynamically plugged memory. Usage: guest mem request-plugged guest-type size",
  "examples": [],
  "flags": [
    {
      "kind": "Switch",
      "optionality": "optional",
      "long": "--help",
      "short": null,
      "description": "display usage information",
      "hidden": false
    }
  ],
  "notes": [],
  "commands": [],
  "positionals": [
    {
      "name": "guest_type",
      "description": "type of the guest",
      "optionality": "required",
      "hidden": false
    },
    {
      "name": "size",
      "description": "target amount of memory to be dynamically plugged",
      "optionality": "required",
      "hidden": false
    }
  ],
  "error_codes": []
}