{
  "name": "console",
  "description": "[EXPERIMENTAL] Connect to a running Fuchsia emulator's console.",
  "examples": [
    "ffx emu console -s\nffx emu console fuchsia-emulator --console-type serial"
  ],
  "flags": [
    {
      "kind": "Switch",
      "optionality": "optional",
      "long": "--help",
      "short": null,
      "description": "display usage information",
      "hidden": false
    },
    {
      "kind": {
        "Option": {
          "arg_name": "console-type"
        }
      },
      "optionality": "optional",
      "long": "--console-type",
      "short": null,
      "description": "selector for which console to attach to. Accepted values are:     command     machine     serial",
      "hidden": false
    },
    {
      "kind": "Switch",
      "optionality": "optional",
      "long": "--command",
      "short": "c",
      "description": "attach to the user-interactive command console. Equivalent to \"--console-type command\".",
      "hidden": false
    },
    {
      "kind": "Switch",
      "optionality": "optional",
      "long": "--machine",
      "short": "m",
      "description": "attach to the machine-readable command console. Equivalent to \"--console-type machine\".",
      "hidden": false
    },
    {
      "kind": "Switch",
      "optionality": "optional",
      "long": "--serial",
      "short": "s",
      "description": "attach to the Fuchsia serial console. Equivalent to \"--console-type serial\".",
      "hidden": false
    }
  ],
  "notes": [],
  "commands": [],
  "positionals": [
    {
      "name": "name",
      "description": "name of the emulator to connect to, as specified to the start command. See a list of available instances by running `ffx emu list`. If no name is specified, and only one emulator is running, it will be selected.",
      "optionality": "optional",
      "hidden": false
    }
  ],
  "error_codes": []
}