{
  "name": "show",
  "description": "Show Fuchsia emulator details.",
  "examples": [],
  "flags": [
    {
      "kind": "Switch",
      "optionality": "optional",
      "long": "--help",
      "short": null,
      "description": "display usage information",
      "hidden": false
    },
    {
      "kind": "Switch",
      "optionality": "optional",
      "long": "--all",
      "short": null,
      "description": "show all of the available details, excluding the raw internal format.",
      "hidden": false
    },
    {
      "kind": "Switch",
      "optionality": "optional",
      "long": "--cmd",
      "short": null,
      "description": "show the command line used to launch the emulator.",
      "hidden": false
    },
    {
      "kind": "Switch",
      "optionality": "optional",
      "long": "--config",
      "short": null,
      "description": "show the configuration in a format consistent with the 'start' command's --config flag.",
      "hidden": false
    },
    {
      "kind": "Switch",
      "optionality": "optional",
      "long": "--device",
      "short": null,
      "description": "show the virtual device information used to launch this emulator, in a format consistent with the 'start' command's --device flag.",
      "hidden": false
    },
    {
      "kind": "Switch",
      "optionality": "optional",
      "long": "--net",
      "short": null,
      "description": "switch to show network details.",
      "hidden": false
    },
    {
      "kind": "Switch",
      "optionality": "optional",
      "long": "--raw",
      "short": null,
      "description": "show the entire config output. This is the default output if no other switches are invoked.",
      "hidden": false
    }
  ],
  "notes": [],
  "commands": [],
  "positionals": [
    {
      "name": "name",
      "description": "name of the emulator instance to show details for. See a list of available instances by running `ffx emu list`. If only one instance is running, this defaults to that instance name.",
      "optionality": "optional",
      "hidden": false
    }
  ],
  "error_codes": []
}