{
  "name": "structured-config",
  "description": "Extracts the structured configuration from Fuchsia build artifacts.",
  "examples": [],
  "flags": [
    {
      "kind": "Switch",
      "optionality": "optional",
      "long": "--help",
      "short": null,
      "description": "display usage information",
      "hidden": false
    },
    {
      "kind": {
        "Option": {
          "arg_name": "product-bundle"
        }
      },
      "optionality": "required",
      "long": "--product-bundle",
      "short": null,
      "description": "path to a product bundle.",
      "hidden": false
    },
    {
      "kind": {
        "Option": {
          "arg_name": "build-path"
        }
      },
      "optionality": "required",
      "long": "--build-path",
      "short": null,
      "description": "path to the build directory which is used to rebase the paths in the depfile.",
      "hidden": false
    },
    {
      "kind": {
        "Option": {
          "arg_name": "depfile"
        }
      },
      "optionality": "required",
      "long": "--depfile",
      "short": null,
      "description": "path to a depfile that should be written for build integration",
      "hidden": false
    },
    {
      "kind": {
        "Option": {
          "arg_name": "output"
        }
      },
      "optionality": "required",
      "long": "--output",
      "short": null,
      "description": "path to file to which to write the extracted configuration.",
      "hidden": false
    },
    {
      "kind": "Switch",
      "optionality": "optional",
      "long": "--recovery",
      "short": null,
      "description": "build scrutiny model based on recovery-mode build artifacts.",
      "hidden": false
    }
  ],
  "notes": [
    "Extracts structured configuration"
  ],
  "commands": [],
  "positionals": [],
  "error_codes": []
}