{
  "name": "stop",
  "description": "stops a running daemon",
  "examples": [],
  "flags": [
    {
      "kind": "Switch",
      "optionality": "optional",
      "long": "--help",
      "short": null,
      "description": "display usage information",
      "hidden": false
    },
    {
      "kind": "Switch",
      "optionality": "optional",
      "long": "--wait",
      "short": "w",
      "description": "wait indefinitely for the daemon to stop before exiting (should not be used in automated systems)",
      "hidden": false
    },
    {
      "kind": "Switch",
      "optionality": "optional",
      "long": "--no-wait",
      "short": null,
      "description": "do not wait for daemon to stop (default behavior -- eventually to be deprecated)",
      "hidden": false
    },
    {
      "kind": {
        "Option": {
          "arg_name": "timeout-ms"
        }
      },
      "optionality": "optional",
      "long": "--timeout-ms",
      "short": "t",
      "description": "optional timeout (in milliseconds) to wait for the daemon to stop. Will try killing the daemon if it does not exit on its own.",
      "hidden": false
    }
  ],
  "notes": [],
  "commands": [],
  "positionals": [],
  "error_codes": []
}