{
  "name": "start-stub",
  "description": "Starts a test stub within the hermetic network realm.",
  "examples": [],
  "flags": [
    {
      "kind": "Switch",
      "optionality": "optional",
      "long": "--help",
      "short": null,
      "description": "display usage information",
      "hidden": false
    }
  ],
  "notes": [],
  "commands": [],
  "positionals": [
    {
      "name": "component_url",
      "description": "the url of the component to start.",
      "optionality": "required",
      "hidden": false
    }
  ],
  "error_codes": []
}