{
  "name": "create-update",
  "description": "construct an UpdatePackage using images and package.",
  "examples": [],
  "flags": [
    {
      "kind": "Switch",
      "optionality": "optional",
      "long": "--help",
      "short": null,
      "description": "display usage information",
      "hidden": false
    },
    {
      "kind": {
        "Option": {
          "arg_name": "partitions"
        }
      },
      "optionality": "required",
      "long": "--partitions",
      "short": null,
      "description": "path to a partitions config, which specifies where in the partition table the images are put.",
      "hidden": false
    },
    {
      "kind": {
        "Option": {
          "arg_name": "system-a"
        }
      },
      "optionality": "optional",
      "long": "--system-a",
      "short": null,
      "description": "path to an images manifest, which specifies images to put in slot A.",
      "hidden": false
    },
    {
      "kind": {
        "Option": {
          "arg_name": "system-r"
        }
      },
      "optionality": "optional",
      "long": "--system-r",
      "short": null,
      "description": "path to an images manifest, which specifies images to put in slot R.",
      "hidden": false
    },
    {
      "kind": {
        "Option": {
          "arg_name": "board-name"
        }
      },
      "optionality": "required",
      "long": "--board-name",
      "short": null,
      "description": "name of the board. Fuchsia will reject an Update Package with a different board name.",
      "hidden": false
    },
    {
      "kind": {
        "Option": {
          "arg_name": "version-file"
        }
      },
      "optionality": "required",
      "long": "--version-file",
      "short": null,
      "description": "file containing the version of the Fuchsia system.",
      "hidden": false
    },
    {
      "kind": {
        "Option": {
          "arg_name": "epoch"
        }
      },
      "optionality": "required",
      "long": "--epoch",
      "short": null,
      "description": "backstop OTA version. Fuchsia will reject updates with a lower epoch.",
      "hidden": false
    },
    {
      "kind": {
        "Option": {
          "arg_name": "rewrite-default-repo"
        }
      },
      "optionality": "optional",
      "long": "--rewrite-default-repo",
      "short": null,
      "description": "rewrite package repository URLs to use this package URL hostname.",
      "hidden": false
    },
    {
      "kind": {
        "Option": {
          "arg_name": "subpackage-blobs-package-name"
        }
      },
      "optionality": "optional",
      "long": "--subpackage-blobs-package-name",
      "short": null,
      "description": "name to give the Subpackage Blobs Package. This is currently only used by OTA tests to allow publishing multiple subpackage blob packages to the same amber repository without naming collisions.",
      "hidden": false
    },
    {
      "kind": {
        "Option": {
          "arg_name": "update-package-name"
        }
      },
      "optionality": "optional",
      "long": "--update-package-name",
      "short": null,
      "description": "name to give the Update Package. This is currently only used by OTA tests to allow publishing multiple update packages to the same amber repository without naming collisions.",
      "hidden": false
    },
    {
      "kind": {
        "Option": {
          "arg_name": "outdir"
        }
      },
      "optionality": "required",
      "long": "--outdir",
      "short": null,
      "description": "directory to write the UpdatePackage.",
      "hidden": false
    },
    {
      "kind": {
        "Option": {
          "arg_name": "gendir"
        }
      },
      "optionality": "optional",
      "long": "--gendir",
      "short": null,
      "description": "directory to write intermediate files.",
      "hidden": false
    }
  ],
  "notes": [],
  "commands": [],
  "positionals": [],
  "error_codes": []
}