{
  "name": "status",
  "description": "Retrieves the status of the repository server. If server is running will also return socket address. Note that all repositories under `ffx repository list` will be running as subpaths at the returned address.",
  "examples": [],
  "flags": [
    {
      "kind": "Switch",
      "optionality": "optional",
      "long": "--help",
      "short": null,
      "description": "display usage information",
      "hidden": false
    }
  ],
  "notes": [],
  "commands": [],
  "positionals": [],
  "error_codes": []
}