{
  "name": "create",
  "description": "create a package archive from a package_manifest.json",
  "examples": [],
  "flags": [
    {
      "kind": "Switch",
      "optionality": "optional",
      "long": "--help",
      "short": null,
      "description": "display usage information",
      "hidden": false
    },
    {
      "kind": {
        "Option": {
          "arg_name": "out"
        }
      },
      "optionality": "required",
      "long": "--out",
      "short": "o",
      "description": "output package archive",
      "hidden": false
    },
    {
      "kind": {
        "Option": {
          "arg_name": "root-dir"
        }
      },
      "optionality": "optional",
      "long": "--root-dir",
      "short": "r",
      "description": "root directory for paths in package_manifest.json",
      "hidden": false
    },
    {
      "kind": {
        "Option": {
          "arg_name": "depfile"
        }
      },
      "optionality": "optional",
      "long": "--depfile",
      "short": null,
      "description": "produce a depfile file at the provided path",
      "hidden": false
    }
  ],
  "notes": [],
  "commands": [],
  "positionals": [
    {
      "name": "package_manifest",
      "description": "package_manifest.json to archive",
      "optionality": "required",
      "hidden": false
    }
  ],
  "error_codes": []
}