{
  "name": "lease-length",
  "description": "The duration of leases offered by the server.",
  "examples": [],
  "flags": [
    {
      "kind": "Switch",
      "optionality": "optional",
      "long": "--help",
      "short": null,
      "description": "display usage information",
      "hidden": false
    },
    {
      "kind": {
        "Option": {
          "arg_name": "default"
        }
      },
      "optionality": "optional",
      "long": "--default",
      "short": null,
      "description": "the default lease length, in seconds, to be issued to clients.",
      "hidden": false
    },
    {
      "kind": {
        "Option": {
          "arg_name": "max"
        }
      },
      "optionality": "optional",
      "long": "--max",
      "short": null,
      "description": "the maximum lease length value, in seconds, which the server will issue to clients who have requested a specific lease length. With the default value of 0, the max lease length is equivalent to the default lease length.",
      "hidden": false
    }
  ],
  "notes": [],
  "commands": [],
  "positionals": [],
  "error_codes": []
}