{
  "name": "extract",
  "description": "Extract <paths> from <far_file> to <output-dir>. WARNING: this may overwrite existing files.",
  "examples": [],
  "flags": [
    {
      "kind": "Switch",
      "optionality": "optional",
      "long": "--help",
      "short": null,
      "description": "display usage information",
      "hidden": false
    },
    {
      "kind": "Switch",
      "optionality": "optional",
      "long": "--verbose",
      "short": "v",
      "description": "verbose output: print file names that were extracted",
      "hidden": false
    },
    {
      "kind": {
        "Option": {
          "arg_name": "output-dir"
        }
      },
      "optionality": "optional",
      "long": "--output-dir",
      "short": "o",
      "description": "output directory (defaults to current directory, creates the directory if it doesn't exist)",
      "hidden": false
    }
  ],
  "notes": [],
  "commands": [],
  "positionals": [
    {
      "name": "far_file",
      "description": "",
      "optionality": "required",
      "hidden": false
    },
    {
      "name": "paths",
      "description": "path(s) within the FAR file. If no paths are specified, extract everything.",
      "optionality": "repeating",
      "hidden": false
    }
  ],
  "error_codes": []
}