{
  "name": "attach",
  "description": "Attach console and serial to a running guest. Usage: guest attach guest_type",
  "examples": [],
  "flags": [
    {
      "kind": "Switch",
      "optionality": "optional",
      "long": "--help",
      "short": null,
      "description": "display usage information",
      "hidden": false
    },
    {
      "kind": "Switch",
      "optionality": "optional",
      "long": "--serial",
      "short": null,
      "description": "attach via serial instead of virtio-console",
      "hidden": false
    }
  ],
  "notes": [],
  "commands": [],
  "positionals": [
    {
      "name": "guest_type",
      "description": "guest type to attach to e.g. 'debian'",
      "optionality": "required",
      "hidden": false
    }
  ],
  "error_codes": []
}